{
    "scd": null,
    "isoelectric_point": null,
    "complexity": null,
    "fcr": null,
    "custom_kappa": null,
    "custom_omega": null,
    "DEG_APCC_DBOX_1": null,
    "DEG_APCC_KENBOX_2": null,
    "DOC_MAPK_MEF2A_6": null,
    "DOC_CYCLIN_RxL_1": null,
    "DOC_MAPK_FxFP_2": null,
    "DOC_PP2A_B56_1": null,
    "DOC_PP2B_PxIxI_1": null,
    "LIG_14-3-3_CanoR_1": null,
    "LIG_CaM_IQ_9": null,
    "LIG_EH_1": null,
    "LIG_eIF4E_1": null,
    "LIG_EVH1_1": null,
    "LIG_NRBOX": null,
    "LIG_PCNA_PIPBox_1": null,
    "LIG_PDZ_Class_1": null,
    "LIG_PROFILIN_1": null,
    "LIG_SH2_SRC": null,
    "LIG_SH2_GRB2": null,
    "LIG_SH3_1": null,
    "LIG_SH3_2": null,
    "LIG_WW_1": null,
    "LIG_LIR_Gen_1": null,
    "LIG_AP_GAE_1": null,
    "MOD_CAAXbox": null,
    "MOD_CDK_SPxK_1": null,
    "MOD_CDK_SPxxK_3": null,
    "MOD_CDC7_priming": null,
    "MOD_CDK_STP": null,
    "MOD_CKII": null,
    "MOD_GSK3_1": null,
    "MOD_LATS_1": null,
    "MOD_PIKK_1": null,
    "MOD_N-GLC_1": null,
    "MOD_PKA_1": null,
    "MOD_PKB_1": null,
    "MOD_Plk_1": null,
    "MOD_PRK1": null,
    "MOD_ERK1": null,
    "MOD_SUMO_for_1": null,
    "TRG_NLS_MonoCore_2": null,
    "TRG_ER_KDEL_1": null,
    "TRG_Golgi_diPhe_1": null,
    "TRG_ER_FFAT_1": null,
    "INT_RGG": null,
    "TRG_FG": null,
    "INT_FRG": null,
    "INT_SGFYSG": null,
    "PG_rich": null,
    "LARKS": null,
    "ELASTIN_LIKE": null,
    "INT_FGDF": null,
    "R_plus_Y": null,
    "AA_S": null,
    "AA_P": null,
    "AA_T": null,
    "AA_A": null,
    "AA_H": null,
    "AA_Q": null,
    "AA_N": null,
    "AA_G": null,
    "AA_R": null,
    "acidic": null,
    "basic": null,
    "aliphatic": null,
    "polar_fraction": null,
    "chain_expanding": null,
    "aromatic": null,
    "disorder_promoting": null,
    "net_charge": null,
    "KL_hydropathy": null,
    "D_repeats": null,
    "E_repeats": null,
    "FG_repeats": null,
    "G_repeats": null,
    "K_repeats": null,
    "KAP_repeats": null,
    "N_repeats": null,
    "P_repeats": null,
    "PTS_repeats": null,
    "Q_repeats": null,
    "QN_repeats": null,
    "R_repeats": null,
    "RG_repeats": null,
    "S_repeats": null,
    "SG_repeats": null,
    "SR_repeats": null,
    "ED_ratio": null,
    "RK_ratio": null,
    "_A": 0,
    "_C": 0,
    "_D": 0,
    "_E": 0,
    "_F": 0,
    "_G": 0,
    "_H": 0,
    "_I": 0,
    "_K": 0,
    "_L": 0,
    "_M": 0,
    "_N": 0,
    "_P": 0,
    "_Q": 0,
    "_R": 0,
    "_S": 0,
    "_T": 0,
    "_V": 0,
    "_W": 0,
    "_Y": 0
}